src/app/quote/edit/[id]/page.tsx(516,76): error TS2304: Cannot find name 'Activity'.
src/app/quote/new/page.tsx(617,47): error TS7006: Parameter 'r' implicitly has an 'any' type.
src/app/quote/new/page.tsx(618,46): error TS7006: Parameter 'r' implicitly has an 'any' type.
src/app/quote/new/page.tsx(619,47): error TS7006: Parameter 'r' implicitly has an 'any' type.
src/app/quote/new/page.tsx(620,49): error TS7006: Parameter 'r' implicitly has an 'any' type.
